<?xml version="1.0" encoding="UTF-8" ?>
<testsuites name="vitest tests" tests="43" failures="0" errors="0" time="0.5747007">
    <testsuite name="src/test/autoCalc.test.ts" timestamp="2026-06-10T11:59:44.061Z" hostname="pzwks183" tests="10" failures="0" errors="0" skipped="0" time="0.0081435">
        <testcase classname="src/test/autoCalc.test.ts" name="autoCalc &gt; calculates work_total from previous + current" time="0.0024505">
        </testcase>
        <testcase classname="src/test/autoCalc.test.ts" name="autoCalc &gt; includes VOs in work_total" time="0.0003672">
        </testcase>
        <testcase classname="src/test/autoCalc.test.ts" name="autoCalc &gt; includes fluctuation in work_total" time="0.0002202">
        </testcase>
        <testcase classname="src/test/autoCalc.test.ts" name="autoCalc &gt; sums deductions_breakdown into total_deductions" time="0.0002644">
        </testcase>
        <testcase classname="src/test/autoCalc.test.ts" name="autoCalc &gt; calculates net_total with tax added" time="0.0002363">
        </testcase>
        <testcase classname="src/test/autoCalc.test.ts" name="autoCalc &gt; calculates net_total with tax withheld" time="0.0002287">
        </testcase>
        <testcase classname="src/test/autoCalc.test.ts" name="autoCalc &gt; calculates approved_total and approved_net_total" time="0.0003317">
        </testcase>
        <testcase classname="src/test/autoCalc.test.ts" name="autoCalc &gt; handles all-zero inputs without NaN" time="0.0003053">
        </testcase>
        <testcase classname="src/test/autoCalc.test.ts" name="autoCalc &gt; preserves existing work_total when no breakdown provided" time="0.0002291">
        </testcase>
        <testcase classname="src/test/autoCalc.test.ts" name="autoCalc &gt; auto-creates deductions_breakdown from legacy total_deductions" time="0.0015075">
        </testcase>
    </testsuite>
    <testsuite name="src/test/collectionImport.test.ts" timestamp="2026-06-10T11:59:44.071Z" hostname="pzwks183" tests="4" failures="0" errors="0" skipped="0" time="0.0094163">
        <testcase classname="src/test/collectionImport.test.ts" name="collection import validation &gt; builds a stable duplicate key from project, invoice, date, amount, and reference" time="0.0023267">
        </testcase>
        <testcase classname="src/test/collectionImport.test.ts" name="collection import validation &gt; blocks exact duplicates and unknown projects" time="0.0029234">
        </testcase>
        <testcase classname="src/test/collectionImport.test.ts" name="collection import validation &gt; warns on over-collection and possible duplicates without blocking otherwise valid rows" time="0.0014181">
        </testcase>
        <testcase classname="src/test/collectionImport.test.ts" name="collection import validation &gt; blocks currency mismatch and invalid amounts" time="0.000674">
        </testcase>
    </testsuite>
    <testsuite name="src/test/collectionLedger.test.ts" timestamp="2026-06-10T11:59:44.073Z" hostname="pzwks183" tests="5" failures="0" errors="0" skipped="0" time="0.0506834">
        <testcase classname="src/test/collectionLedger.test.ts" name="Collection Ledger — Phase 4 Tests &gt; excludes reversed transactions from actual collected totals" time="0.0383201">
        </testcase>
        <testcase classname="src/test/collectionLedger.test.ts" name="Collection Ledger — Phase 4 Tests &gt; excludes validated (not yet posted) transactions from actual totals" time="0.0009335">
        </testcase>
        <testcase classname="src/test/collectionLedger.test.ts" name="Collection Ledger — Phase 4 Tests &gt; detects over-collection control issue" time="0.0065351">
        </testcase>
        <testcase classname="src/test/collectionLedger.test.ts" name="Collection Ledger — Phase 4 Tests &gt; accumulates collections correctly across multiple posted rows" time="0.0007623">
        </testcase>
        <testcase classname="src/test/collectionLedger.test.ts" name="Collection Ledger — Phase 4 Tests &gt; monthly cumulative totals reconcile by project" time="0.0023678">
        </testcase>
    </testsuite>
    <testsuite name="src/test/example.test.ts" timestamp="2026-06-10T11:59:44.075Z" hostname="pzwks183" tests="1" failures="0" errors="0" skipped="0" time="0.0024323">
        <testcase classname="src/test/example.test.ts" name="example &gt; should pass" time="0.001217">
        </testcase>
    </testsuite>
    <testsuite name="src/test/financialSnapshot.test.ts" timestamp="2026-06-10T11:59:44.075Z" hostname="pzwks183" tests="10" failures="0" errors="0" skipped="0" time="0.053555">
        <testcase classname="src/test/financialSnapshot.test.ts" name="computeFinancialSnapshot &gt; uses the latest IPC per project and does not double-count contract value" time="0.0358494">
        </testcase>
        <testcase classname="src/test/financialSnapshot.test.ts" name="computeFinancialSnapshot &gt; treats final IPC labels as latest even without a numeric max" time="0.0015508">
        </testcase>
        <testcase classname="src/test/financialSnapshot.test.ts" name="computeFinancialSnapshot &gt; keeps actual collections separate from forecast cash-in" time="0.0036719">
        </testcase>
        <testcase classname="src/test/financialSnapshot.test.ts" name="computeFinancialSnapshot &gt; uses posted collection transactions only for actual collected totals" time="0.0014953">
        </testcase>
        <testcase classname="src/test/financialSnapshot.test.ts" name="computeFinancialSnapshot &gt; applies month filters to collections, cash-out, and forecasts" time="0.0028841">
        </testcase>
        <testcase classname="src/test/financialSnapshot.test.ts" name="computeFinancialSnapshot &gt; flags stale submitted IPC with no approval after 30 days" time="0.0016538">
        </testcase>
        <testcase classname="src/test/financialSnapshot.test.ts" name="computeFinancialSnapshot &gt; does NOT flag stale IPC if approval_date exists" time="0.0010295">
        </testcase>
        <testcase classname="src/test/financialSnapshot.test.ts" name="computeFinancialSnapshot &gt; flags suspicious repeated collection amounts (3+ identical)" time="0.0009491">
        </testcase>
        <testcase classname="src/test/financialSnapshot.test.ts" name="computeFinancialSnapshot &gt; flags duplicate transaction fingerprints" time="0.0011551">
        </testcase>
        <testcase classname="src/test/financialSnapshot.test.ts" name="computeFinancialSnapshot &gt; forecast never affects actual collected totals" time="0.000927">
        </testcase>
    </testsuite>
    <testsuite name="src/test/useIPC.test.ts" timestamp="2026-06-10T11:59:44.078Z" hostname="pzwks183" tests="7" failures="0" errors="0" skipped="0" time="0.0119131">
        <testcase classname="src/test/useIPC.test.ts" name="mergeInvoices and getInvoiceKey &gt; getInvoiceKey &gt; keys normal invoices by project_code::invoice_number" time="0.0033754">
        </testcase>
        <testcase classname="src/test/useIPC.test.ts" name="mergeInvoices and getInvoiceKey &gt; getInvoiceKey &gt; keys draft invoices by draft::id" time="0.0003869">
        </testcase>
        <testcase classname="src/test/useIPC.test.ts" name="mergeInvoices and getInvoiceKey &gt; mergeInvoices draft de-duplication &gt; keeps multiple draft invoices with different IDs for the same project code" time="0.0015038">
        </testcase>
        <testcase classname="src/test/useIPC.test.ts" name="mergeInvoices and getInvoiceKey &gt; mergeInvoices draft de-duplication &gt; overwrites draft invoices when db and ls have the same draft ID" time="0.0003589">
        </testcase>
        <testcase classname="src/test/useIPC.test.ts" name="mergeInvoices and getInvoiceKey &gt; mergeInvoices draft de-duplication &gt; de-duplicates normal invoices by project_code::invoice_number" time="0.0003166">
        </testcase>
        <testcase classname="src/test/useIPC.test.ts" name="mergeInvoices and getInvoiceKey &gt; syncLocalInvoicesToSupabase &gt; should insert a new invoice with the client-provided id" time="0.0016347">
        </testcase>
        <testcase classname="src/test/useIPC.test.ts" name="mergeInvoices and getInvoiceKey &gt; syncLocalInvoicesToSupabase &gt; should update an existing invoice if it already exists in Supabase" time="0.0020243">
        </testcase>
    </testsuite>
    <testsuite name="src/test/useIPCProjects.test.ts" timestamp="2026-06-10T11:59:44.080Z" hostname="pzwks183" tests="6" failures="0" errors="0" skipped="0" time="0.4385571">
        <testcase classname="src/test/useIPCProjects.test.ts" name="useIPCProjects helper functions &gt; isTableMissingError &gt; matches standard missing table / cache errors" time="0.3599607">
        </testcase>
        <testcase classname="src/test/useIPCProjects.test.ts" name="useIPCProjects helper functions &gt; isTableMissingError &gt; matches unavailable error messages" time="0.0165122">
            <system-err>
GoTrueClient@sb-dwpdrclupradpnsminvi-auth-token:1 (2.106.2) 2026-06-10T11:59:43.897Z Multiple GoTrueClient instances detected in the same browser context. It is not an error, but this should be avoided as it may produce undefined behavior when used concurrently under the same storage key.

            </system-err>
        </testcase>
        <testcase classname="src/test/useIPCProjects.test.ts" name="useIPCProjects helper functions &gt; isTableMissingError &gt; does not match other errors" time="0.0135803">
            <system-err>
GoTrueClient@sb-dwpdrclupradpnsminvi-auth-token:2 (2.106.2) 2026-06-10T11:59:43.913Z Multiple GoTrueClient instances detected in the same browser context. It is not an error, but this should be avoided as it may produce undefined behavior when used concurrently under the same storage key.

            </system-err>
        </testcase>
        <testcase classname="src/test/useIPCProjects.test.ts" name="useIPCProjects helper functions &gt; readIPCProjectsQuery table availability caching and TTL &gt; resolves the query when table is available" time="0.0117815">
            <system-err>
GoTrueClient@sb-dwpdrclupradpnsminvi-auth-token:3 (2.106.2) 2026-06-10T11:59:43.927Z Multiple GoTrueClient instances detected in the same browser context. It is not an error, but this should be avoided as it may produce undefined behavior when used concurrently under the same storage key.

            </system-err>
        </testcase>
        <testcase classname="src/test/useIPCProjects.test.ts" name="useIPCProjects helper functions &gt; readIPCProjectsQuery table availability caching and TTL &gt; caches unavailable state on table missing error and bypasses future queries" time="0.018606">
            <system-err>
GoTrueClient@sb-dwpdrclupradpnsminvi-auth-token:4 (2.106.2) 2026-06-10T11:59:43.939Z Multiple GoTrueClient instances detected in the same browser context. It is not an error, but this should be avoided as it may produce undefined behavior when used concurrently under the same storage key.

            </system-err>
        </testcase>
        <testcase classname="src/test/useIPCProjects.test.ts" name="useIPCProjects helper functions &gt; readIPCProjectsQuery table availability caching and TTL &gt; recovers and retries query after 5-minute TTL has expired" time="0.0157843">
            <system-err>
GoTrueClient@sb-dwpdrclupradpnsminvi-auth-token:5 (2.106.2) 2026-06-10T11:59:43.958Z Multiple GoTrueClient instances detected in the same browser context. It is not an error, but this should be avoided as it may produce undefined behavior when used concurrently under the same storage key.

            </system-err>
        </testcase>
    </testsuite>
</testsuites>
